../Core/Src/main.c:89:13:app_send_frame	80	static
../Core/Src/main.c:100:13:app_send_ack	24	static
../Core/Src/main.c:106:13:app_send_nack	24	static
../Core/Src/main.c:112:13:app_send_error	24	static
../Core/Src/main.c:118:13:app_reset_session	8	static
../Core/Src/main.c:128:13:app_flush_output_staging	8	static
../Core/Src/main.c:139:23:app_output_emit	16	static
../Core/Src/main.c:154:13:app_handle_frame	24	static
../Core/Src/main.c:275:5:main	56	static
../Core/Src/main.c:334:6:SystemClock_Config	80	static
../Core/Src/main.c:370:13:MX_USART2_UART_Init	8	static
../Core/Src/main.c:405:13:MX_GPIO_Init	16	static
../Core/Src/main.c:427:6:Error_Handler	8	static,ignoring_inline_asm
